  Determining projects to restore...
C:\Users\r\Desktop\crm\src\services\NotificationService\NotificationService.API\NotificationService.API.csproj : warning NU1510: PackageReference Microsoft.AspNetCore.SignalR.Common will not be pruned. Consider removing this package from your dependencies, as it is likely unnecessary. [C:\Users\r\Desktop\crm\CRM.AI.System.slnx]
C:\Users\r\Desktop\crm\src\services\IdentityService\IdentityService.API\IdentityService.API.csproj : warning NU1902: Package 'OpenTelemetry.Api' 1.11.1 has a known moderate severity vulnerability, https://github.com/advisories/GHSA-8785-wc3w-h8q6 [C:\Users\r\Desktop\crm\CRM.AI.System.slnx]
C:\Users\r\Desktop\crm\src\services\AnalyticsService\AnalyticsService.API\AnalyticsService.API.csproj : warning NU1902: Package 'OpenTelemetry.Api' 1.11.1 has a known moderate severity vulnerability, https://github.com/advisories/GHSA-8785-wc3w-h8q6 [C:\Users\r\Desktop\crm\CRM.AI.System.slnx]
C:\Users\r\Desktop\crm\src\services\AIService\AIService.API\AIService.API.csproj : warning NU1902: Package 'OpenTelemetry.Api' 1.11.1 has a known moderate severity vulnerability, https://github.com/advisories/GHSA-8785-wc3w-h8q6 [C:\Users\r\Desktop\crm\CRM.AI.System.slnx]
C:\Users\r\Desktop\crm\src\services\NotificationService\NotificationService.API\NotificationService.API.csproj : warning NU1902: Package 'OpenTelemetry.Api' 1.11.1 has a known moderate severity vulnerability, https://github.com/advisories/GHSA-8785-wc3w-h8q6 [C:\Users\r\Desktop\crm\CRM.AI.System.slnx]
C:\Users\r\Desktop\crm\src\services\CRMService\CRMService.API\CRMService.API.csproj : warning NU1902: Package 'OpenTelemetry.Api' 1.11.1 has a known moderate severity vulnerability, https://github.com/advisories/GHSA-8785-wc3w-h8q6 [C:\Users\r\Desktop\crm\CRM.AI.System.slnx]
C:\Users\r\Desktop\crm\src\services\FileStorageService\FileStorageService.API\FileStorageService.API.csproj : warning NU1902: Package 'OpenTelemetry.Api' 1.11.1 has a known moderate severity vulnerability, https://github.com/advisories/GHSA-8785-wc3w-h8q6 [C:\Users\r\Desktop\crm\CRM.AI.System.slnx]
  Restored C:\Users\r\Desktop\crm\src\services\FileStorageService\FileStorageService.API\FileStorageService.API.csproj (in 2.33 sec).
  Restored C:\Users\r\Desktop\crm\src\services\IdentityService\IdentityService.API\IdentityService.API.csproj (in 2.26 sec).
  Restored C:\Users\r\Desktop\crm\src\services\CRMService\CRMService.API\CRMService.API.csproj (in 2.83 sec).
  Restored C:\Users\r\Desktop\crm\src\services\AnalyticsService\AnalyticsService.API\AnalyticsService.API.csproj (in 2.24 sec).
  Restored C:\Users\r\Desktop\crm\src\services\AIService\AIService.API\AIService.API.csproj (in 2.81 sec).
  Restored C:\Users\r\Desktop\crm\src\services\NotificationService\NotificationService.API\NotificationService.API.csproj (in 2.92 sec).
  22 of 28 projects are up-to-date for restore.
C:\Users\r\Desktop\crm\src\services\AnalyticsService\AnalyticsService.API\AnalyticsService.API.csproj : warning NU1902: Package 'OpenTelemetry.Api' 1.11.1 has a known moderate severity vulnerability, https://github.com/advisories/GHSA-8785-wc3w-h8q6
C:\Users\r\Desktop\crm\src\services\CRMService\CRMService.API\CRMService.API.csproj : warning NU1902: Package 'OpenTelemetry.Api' 1.11.1 has a known moderate severity vulnerability, https://github.com/advisories/GHSA-8785-wc3w-h8q6
C:\Users\r\Desktop\crm\src\services\AIService\AIService.API\AIService.API.csproj : warning NU1902: Package 'OpenTelemetry.Api' 1.11.1 has a known moderate severity vulnerability, https://github.com/advisories/GHSA-8785-wc3w-h8q6
C:\Users\r\Desktop\crm\src\services\IdentityService\IdentityService.API\IdentityService.API.csproj : warning NU1902: Package 'OpenTelemetry.Api' 1.11.1 has a known moderate severity vulnerability, https://github.com/advisories/GHSA-8785-wc3w-h8q6
C:\Users\r\Desktop\crm\src\services\NotificationService\NotificationService.API\NotificationService.API.csproj : warning NU1510: PackageReference Microsoft.AspNetCore.SignalR.Common will not be pruned. Consider removing this package from your dependencies, as it is likely unnecessary.
C:\Users\r\Desktop\crm\src\services\NotificationService\NotificationService.API\NotificationService.API.csproj : warning NU1902: Package 'OpenTelemetry.Api' 1.11.1 has a known moderate severity vulnerability, https://github.com/advisories/GHSA-8785-wc3w-h8q6
C:\Users\r\Desktop\crm\src\services\FileStorageService\FileStorageService.API\FileStorageService.API.csproj : warning NU1902: Package 'OpenTelemetry.Api' 1.11.1 has a known moderate severity vulnerability, https://github.com/advisories/GHSA-8785-wc3w-h8q6
  CRM.Shared -> C:\Users\r\Desktop\crm\src\shared\CRM.Shared\bin\Debug\net10.0\CRM.Shared.dll
  CRM.Shared.Events -> C:\Users\r\Desktop\crm\src\shared\CRM.Shared.Events\bin\Debug\net9.0\CRM.Shared.Events.dll
  AIService.Domain -> C:\Users\r\Desktop\crm\src\services\AIService\AIService.Domain\bin\Debug\net10.0\AIService.Domain.dll
  NotificationService.Domain -> C:\Users\r\Desktop\crm\src\services\NotificationService\NotificationService.Domain\bin\Debug\net10.0\NotificationService.Domain.dll
  FileStorageService.Domain -> C:\Users\r\Desktop\crm\src\services\FileStorageService\FileStorageService.Domain\bin\Debug\net10.0\FileStorageService.Domain.dll
  AnalyticsService.Domain -> C:\Users\r\Desktop\crm\src\services\AnalyticsService\AnalyticsService.Domain\bin\Debug\net10.0\AnalyticsService.Domain.dll
  CRMService.Domain -> C:\Users\r\Desktop\crm\src\services\CRMService\CRMService.Domain\bin\Debug\net10.0\CRMService.Domain.dll
  IdentityService.Domain -> C:\Users\r\Desktop\crm\src\services\IdentityService\IdentityService.Domain\bin\Debug\net10.0\IdentityService.Domain.dll
  AnalyticsService.Application -> C:\Users\r\Desktop\crm\src\services\AnalyticsService\AnalyticsService.Application\bin\Debug\net10.0\AnalyticsService.Application.dll
C:\Users\r\Desktop\crm\src\services\FileStorageService\FileStorageService.Application\Handlers\FileHandlers.cs(59,42): error CS0117: 'Error' does not contain a definition for 'Failure' [C:\Users\r\Desktop\crm\src\services\FileStorageService\FileStorageService.Application\FileStorageService.Application.csproj]
  NotificationService.Application -> C:\Users\r\Desktop\crm\src\services\NotificationService\NotificationService.Application\bin\Debug\net10.0\NotificationService.Application.dll
  CRMService.Application -> C:\Users\r\Desktop\crm\src\services\CRMService\CRMService.Application\bin\Debug\net10.0\CRMService.Application.dll
  CRMService.Infrastructure -> C:\Users\r\Desktop\crm\src\services\CRMService\CRMService.Infrastructure\bin\Debug\net10.0\CRMService.Infrastructure.dll
  IdentityService.Application -> C:\Users\r\Desktop\crm\src\services\IdentityService\IdentityService.Application\bin\Debug\net10.0\IdentityService.Application.dll
  NotificationService.Infrastructure -> C:\Users\r\Desktop\crm\src\services\NotificationService\NotificationService.Infrastructure\bin\Debug\net10.0\NotificationService.Infrastructure.dll
C:\Program Files\dotnet\sdk\10.0.201\Microsoft.Common.CurrentVersion.targets(2451,5): warning MSB3277: Found conflicts between different versions of "Microsoft.EntityFrameworkCore.Relational" that could not be resolved. [C:\Users\r\Desktop\crm\src\services\NotificationService\NotificationService.API\NotificationService.API.csproj]
C:\Program Files\dotnet\sdk\10.0.201\Microsoft.Common.CurrentVersion.targets(2451,5): warning MSB3277: There was a conflict between "Microsoft.EntityFrameworkCore.Relational, Version=9.0.1.0, Culture=neutral, PublicKeyToken=adb9793829ddae60" and "Microsoft.EntityFrameworkCore.Relational, Version=9.0.3.0, Culture=neutral, PublicKeyToken=adb9793829ddae60". [C:\Users\r\Desktop\crm\src\services\NotificationService\NotificationService.API\NotificationService.API.csproj]
C:\Program Files\dotnet\sdk\10.0.201\Microsoft.Common.CurrentVersion.targets(2451,5): warning MSB3277:     "Microsoft.EntityFrameworkCore.Relational, Version=9.0.1.0, Culture=neutral, PublicKeyToken=adb9793829ddae60" was chosen because it was primary and "Microsoft.EntityFrameworkCore.Relational, Version=9.0.3.0, Culture=neutral, PublicKeyToken=adb9793829ddae60" was not. [C:\Users\r\Desktop\crm\src\services\NotificationService\NotificationService.API\NotificationService.API.csproj]
C:\Program Files\dotnet\sdk\10.0.201\Microsoft.Common.CurrentVersion.targets(2451,5): warning MSB3277:     References which depend on "Microsoft.EntityFrameworkCore.Relational, Version=9.0.1.0, Culture=neutral, PublicKeyToken=adb9793829ddae60" [C:\Users\r\.nuget\packages\microsoft.entityframeworkcore.relational\9.0.1\lib\net8.0\Microsoft.EntityFrameworkCore.Relational.dll]. [C:\Users\r\Desktop\crm\src\services\NotificationService\NotificationService.API\NotificationService.API.csproj]
C:\Program Files\dotnet\sdk\10.0.201\Microsoft.Common.CurrentVersion.targets(2451,5): warning MSB3277:         C:\Users\r\.nuget\packages\microsoft.entityframeworkcore.relational\9.0.1\lib\net8.0\Microsoft.EntityFrameworkCore.Relational.dll [C:\Users\r\Desktop\crm\src\services\NotificationService\NotificationService.API\NotificationService.API.csproj]
C:\Program Files\dotnet\sdk\10.0.201\Microsoft.Common.CurrentVersion.targets(2451,5): warning MSB3277:           Project file item includes which caused reference "C:\Users\r\.nuget\packages\microsoft.entityframeworkcore.relational\9.0.1\lib\net8.0\Microsoft.EntityFrameworkCore.Relational.dll". [C:\Users\r\Desktop\crm\src\services\NotificationService\NotificationService.API\NotificationService.API.csproj]
C:\Program Files\dotnet\sdk\10.0.201\Microsoft.Common.CurrentVersion.targets(2451,5): warning MSB3277:             C:\Users\r\.nuget\packages\microsoft.entityframeworkcore.relational\9.0.1\lib\net8.0\Microsoft.EntityFrameworkCore.Relational.dll [C:\Users\r\Desktop\crm\src\services\NotificationService\NotificationService.API\NotificationService.API.csproj]
C:\Program Files\dotnet\sdk\10.0.201\Microsoft.Common.CurrentVersion.targets(2451,5): warning MSB3277:     References which depend on or have been unified to "Microsoft.EntityFrameworkCore.Relational, Version=9.0.3.0, Culture=neutral, PublicKeyToken=adb9793829ddae60" []. [C:\Users\r\Desktop\crm\src\services\NotificationService\NotificationService.API\NotificationService.API.csproj]
C:\Program Files\dotnet\sdk\10.0.201\Microsoft.Common.CurrentVersion.targets(2451,5): warning MSB3277:         C:\Users\r\Desktop\crm\src\services\NotificationService\NotificationService.Infrastructure\bin\Debug\net10.0\NotificationService.Infrastructure.dll [C:\Users\r\Desktop\crm\src\services\NotificationService\NotificationService.API\NotificationService.API.csproj]
C:\Program Files\dotnet\sdk\10.0.201\Microsoft.Common.CurrentVersion.targets(2451,5): warning MSB3277:           Project file item includes which caused reference "C:\Users\r\Desktop\crm\src\services\NotificationService\NotificationService.Infrastructure\bin\Debug\net10.0\NotificationService.Infrastructure.dll". [C:\Users\r\Desktop\crm\src\services\NotificationService\NotificationService.API\NotificationService.API.csproj]
C:\Program Files\dotnet\sdk\10.0.201\Microsoft.Common.CurrentVersion.targets(2451,5): warning MSB3277:             C:\Users\r\Desktop\crm\src\services\NotificationService\NotificationService.Infrastructure\bin\Debug\net10.0\NotificationService.Infrastructure.dll [C:\Users\r\Desktop\crm\src\services\NotificationService\NotificationService.API\NotificationService.API.csproj]
  AIService.Application -> C:\Users\r\Desktop\crm\src\services\AIService\AIService.Application\bin\Debug\net10.0\AIService.Application.dll
  CRM.DesktopClient -> C:\Users\r\Desktop\crm\src\desktop-app\CRM.DesktopClient\bin\Debug\net10.0-windows\CRM.DesktopClient.dll
  CRM.Gateway -> C:\Users\r\Desktop\crm\src\gateway\CRM.Gateway\bin\Debug\net9.0\CRM.Gateway.dll
  IdentityService.Infrastructure -> C:\Users\r\Desktop\crm\src\services\IdentityService\IdentityService.Infrastructure\bin\Debug\net10.0\IdentityService.Infrastructure.dll
  NotificationService.API -> C:\Users\r\Desktop\crm\src\services\NotificationService\NotificationService.API\bin\Debug\net10.0\NotificationService.API.dll
C:\Program Files\dotnet\sdk\10.0.201\Microsoft.Common.CurrentVersion.targets(2451,5): warning MSB3277: Found conflicts between different versions of "Microsoft.EntityFrameworkCore.Relational" that could not be resolved. [C:\Users\r\Desktop\crm\src\services\IdentityService\IdentityService.API\IdentityService.API.csproj]
C:\Program Files\dotnet\sdk\10.0.201\Microsoft.Common.CurrentVersion.targets(2451,5): warning MSB3277: There was a conflict between "Microsoft.EntityFrameworkCore.Relational, Version=9.0.1.0, Culture=neutral, PublicKeyToken=adb9793829ddae60" and "Microsoft.EntityFrameworkCore.Relational, Version=9.0.3.0, Culture=neutral, PublicKeyToken=adb9793829ddae60". [C:\Users\r\Desktop\crm\src\services\IdentityService\IdentityService.API\IdentityService.API.csproj]
C:\Program Files\dotnet\sdk\10.0.201\Microsoft.Common.CurrentVersion.targets(2451,5): warning MSB3277:     "Microsoft.EntityFrameworkCore.Relational, Version=9.0.1.0, Culture=neutral, PublicKeyToken=adb9793829ddae60" was chosen because it was primary and "Microsoft.EntityFrameworkCore.Relational, Version=9.0.3.0, Culture=neutral, PublicKeyToken=adb9793829ddae60" was not. [C:\Users\r\Desktop\crm\src\services\IdentityService\IdentityService.API\IdentityService.API.csproj]
C:\Program Files\dotnet\sdk\10.0.201\Microsoft.Common.CurrentVersion.targets(2451,5): warning MSB3277:     References which depend on "Microsoft.EntityFrameworkCore.Relational, Version=9.0.1.0, Culture=neutral, PublicKeyToken=adb9793829ddae60" [C:\Users\r\.nuget\packages\microsoft.entityframeworkcore.relational\9.0.1\lib\net8.0\Microsoft.EntityFrameworkCore.Relational.dll]. [C:\Users\r\Desktop\crm\src\services\IdentityService\IdentityService.API\IdentityService.API.csproj]
C:\Program Files\dotnet\sdk\10.0.201\Microsoft.Common.CurrentVersion.targets(2451,5): warning MSB3277:         C:\Users\r\.nuget\packages\microsoft.entityframeworkcore.relational\9.0.1\lib\net8.0\Microsoft.EntityFrameworkCore.Relational.dll [C:\Users\r\Desktop\crm\src\services\IdentityService\IdentityService.API\IdentityService.API.csproj]
C:\Program Files\dotnet\sdk\10.0.201\Microsoft.Common.CurrentVersion.targets(2451,5): warning MSB3277:           Project file item includes which caused reference "C:\Users\r\.nuget\packages\microsoft.entityframeworkcore.relational\9.0.1\lib\net8.0\Microsoft.EntityFrameworkCore.Relational.dll". [C:\Users\r\Desktop\crm\src\services\IdentityService\IdentityService.API\IdentityService.API.csproj]
C:\Program Files\dotnet\sdk\10.0.201\Microsoft.Common.CurrentVersion.targets(2451,5): warning MSB3277:             C:\Users\r\.nuget\packages\microsoft.entityframeworkcore.relational\9.0.1\lib\net8.0\Microsoft.EntityFrameworkCore.Relational.dll [C:\Users\r\Desktop\crm\src\services\IdentityService\IdentityService.API\IdentityService.API.csproj]
C:\Program Files\dotnet\sdk\10.0.201\Microsoft.Common.CurrentVersion.targets(2451,5): warning MSB3277:     References which depend on or have been unified to "Microsoft.EntityFrameworkCore.Relational, Version=9.0.3.0, Culture=neutral, PublicKeyToken=adb9793829ddae60" []. [C:\Users\r\Desktop\crm\src\services\IdentityService\IdentityService.API\IdentityService.API.csproj]
C:\Program Files\dotnet\sdk\10.0.201\Microsoft.Common.CurrentVersion.targets(2451,5): warning MSB3277:         C:\Users\r\Desktop\crm\src\services\IdentityService\IdentityService.Infrastructure\bin\Debug\net10.0\IdentityService.Infrastructure.dll [C:\Users\r\Desktop\crm\src\services\IdentityService\IdentityService.API\IdentityService.API.csproj]
C:\Program Files\dotnet\sdk\10.0.201\Microsoft.Common.CurrentVersion.targets(2451,5): warning MSB3277:           Project file item includes which caused reference "C:\Users\r\Desktop\crm\src\services\IdentityService\IdentityService.Infrastructure\bin\Debug\net10.0\IdentityService.Infrastructure.dll". [C:\Users\r\Desktop\crm\src\services\IdentityService\IdentityService.API\IdentityService.API.csproj]
C:\Program Files\dotnet\sdk\10.0.201\Microsoft.Common.CurrentVersion.targets(2451,5): warning MSB3277:             C:\Users\r\Desktop\crm\src\services\IdentityService\IdentityService.Infrastructure\bin\Debug\net10.0\IdentityService.Infrastructure.dll [C:\Users\r\Desktop\crm\src\services\IdentityService\IdentityService.API\IdentityService.API.csproj]
  AIService.Infrastructure -> C:\Users\r\Desktop\crm\src\services\AIService\AIService.Infrastructure\bin\Debug\net10.0\AIService.Infrastructure.dll
  AnalyticsService.Infrastructure -> C:\Users\r\Desktop\crm\src\services\AnalyticsService\AnalyticsService.Infrastructure\bin\Debug\net10.0\AnalyticsService.Infrastructure.dll
  CRMService.API -> C:\Users\r\Desktop\crm\src\services\CRMService\CRMService.API\bin\Debug\net10.0\CRMService.API.dll
C:\Program Files\dotnet\sdk\10.0.201\Microsoft.Common.CurrentVersion.targets(2451,5): warning MSB3277: Found conflicts between different versions of "Microsoft.EntityFrameworkCore.Relational" that could not be resolved. [C:\Users\r\Desktop\crm\src\services\AIService\AIService.API\AIService.API.csproj]
C:\Program Files\dotnet\sdk\10.0.201\Microsoft.Common.CurrentVersion.targets(2451,5): warning MSB3277: There was a conflict between "Microsoft.EntityFrameworkCore.Relational, Version=9.0.1.0, Culture=neutral, PublicKeyToken=adb9793829ddae60" and "Microsoft.EntityFrameworkCore.Relational, Version=9.0.3.0, Culture=neutral, PublicKeyToken=adb9793829ddae60". [C:\Users\r\Desktop\crm\src\services\AIService\AIService.API\AIService.API.csproj]
C:\Program Files\dotnet\sdk\10.0.201\Microsoft.Common.CurrentVersion.targets(2451,5): warning MSB3277:     "Microsoft.EntityFrameworkCore.Relational, Version=9.0.1.0, Culture=neutral, PublicKeyToken=adb9793829ddae60" was chosen because it was primary and "Microsoft.EntityFrameworkCore.Relational, Version=9.0.3.0, Culture=neutral, PublicKeyToken=adb9793829ddae60" was not. [C:\Users\r\Desktop\crm\src\services\AIService\AIService.API\AIService.API.csproj]
C:\Program Files\dotnet\sdk\10.0.201\Microsoft.Common.CurrentVersion.targets(2451,5): warning MSB3277:     References which depend on "Microsoft.EntityFrameworkCore.Relational, Version=9.0.1.0, Culture=neutral, PublicKeyToken=adb9793829ddae60" [C:\Users\r\.nuget\packages\microsoft.entityframeworkcore.relational\9.0.1\lib\net8.0\Microsoft.EntityFrameworkCore.Relational.dll]. [C:\Users\r\Desktop\crm\src\services\AIService\AIService.API\AIService.API.csproj]
C:\Program Files\dotnet\sdk\10.0.201\Microsoft.Common.CurrentVersion.targets(2451,5): warning MSB3277:         C:\Users\r\.nuget\packages\microsoft.entityframeworkcore.relational\9.0.1\lib\net8.0\Microsoft.EntityFrameworkCore.Relational.dll [C:\Users\r\Desktop\crm\src\services\AIService\AIService.API\AIService.API.csproj]
C:\Program Files\dotnet\sdk\10.0.201\Microsoft.Common.CurrentVersion.targets(2451,5): warning MSB3277:           Project file item includes which caused reference "C:\Users\r\.nuget\packages\microsoft.entityframeworkcore.relational\9.0.1\lib\net8.0\Microsoft.EntityFrameworkCore.Relational.dll". [C:\Users\r\Desktop\crm\src\services\AIService\AIService.API\AIService.API.csproj]
C:\Program Files\dotnet\sdk\10.0.201\Microsoft.Common.CurrentVersion.targets(2451,5): warning MSB3277:             C:\Users\r\.nuget\packages\microsoft.entityframeworkcore.relational\9.0.1\lib\net8.0\Microsoft.EntityFrameworkCore.Relational.dll [C:\Users\r\Desktop\crm\src\services\AIService\AIService.API\AIService.API.csproj]
C:\Program Files\dotnet\sdk\10.0.201\Microsoft.Common.CurrentVersion.targets(2451,5): warning MSB3277:     References which depend on or have been unified to "Microsoft.EntityFrameworkCore.Relational, Version=9.0.3.0, Culture=neutral, PublicKeyToken=adb9793829ddae60" []. [C:\Users\r\Desktop\crm\src\services\AIService\AIService.API\AIService.API.csproj]
C:\Program Files\dotnet\sdk\10.0.201\Microsoft.Common.CurrentVersion.targets(2451,5): warning MSB3277:         C:\Users\r\Desktop\crm\src\services\AIService\AIService.Infrastructure\bin\Debug\net10.0\AIService.Infrastructure.dll [C:\Users\r\Desktop\crm\src\services\AIService\AIService.API\AIService.API.csproj]
C:\Program Files\dotnet\sdk\10.0.201\Microsoft.Common.CurrentVersion.targets(2451,5): warning MSB3277:           Project file item includes which caused reference "C:\Users\r\Desktop\crm\src\services\AIService\AIService.Infrastructure\bin\Debug\net10.0\AIService.Infrastructure.dll". [C:\Users\r\Desktop\crm\src\services\AIService\AIService.API\AIService.API.csproj]
C:\Program Files\dotnet\sdk\10.0.201\Microsoft.Common.CurrentVersion.targets(2451,5): warning MSB3277:             C:\Users\r\Desktop\crm\src\services\AIService\AIService.Infrastructure\bin\Debug\net10.0\AIService.Infrastructure.dll [C:\Users\r\Desktop\crm\src\services\AIService\AIService.API\AIService.API.csproj]
C:\Program Files\dotnet\sdk\10.0.201\Microsoft.Common.CurrentVersion.targets(2451,5): warning MSB3277: Found conflicts between different versions of "Microsoft.EntityFrameworkCore.Relational" that could not be resolved. [C:\Users\r\Desktop\crm\src\services\AnalyticsService\AnalyticsService.API\AnalyticsService.API.csproj]
C:\Program Files\dotnet\sdk\10.0.201\Microsoft.Common.CurrentVersion.targets(2451,5): warning MSB3277: There was a conflict between "Microsoft.EntityFrameworkCore.Relational, Version=9.0.1.0, Culture=neutral, PublicKeyToken=adb9793829ddae60" and "Microsoft.EntityFrameworkCore.Relational, Version=9.0.3.0, Culture=neutral, PublicKeyToken=adb9793829ddae60". [C:\Users\r\Desktop\crm\src\services\AnalyticsService\AnalyticsService.API\AnalyticsService.API.csproj]
C:\Program Files\dotnet\sdk\10.0.201\Microsoft.Common.CurrentVersion.targets(2451,5): warning MSB3277:     "Microsoft.EntityFrameworkCore.Relational, Version=9.0.1.0, Culture=neutral, PublicKeyToken=adb9793829ddae60" was chosen because it was primary and "Microsoft.EntityFrameworkCore.Relational, Version=9.0.3.0, Culture=neutral, PublicKeyToken=adb9793829ddae60" was not. [C:\Users\r\Desktop\crm\src\services\AnalyticsService\AnalyticsService.API\AnalyticsService.API.csproj]
C:\Program Files\dotnet\sdk\10.0.201\Microsoft.Common.CurrentVersion.targets(2451,5): warning MSB3277:     References which depend on "Microsoft.EntityFrameworkCore.Relational, Version=9.0.1.0, Culture=neutral, PublicKeyToken=adb9793829ddae60" [C:\Users\r\.nuget\packages\microsoft.entityframeworkcore.relational\9.0.1\lib\net8.0\Microsoft.EntityFrameworkCore.Relational.dll]. [C:\Users\r\Desktop\crm\src\services\AnalyticsService\AnalyticsService.API\AnalyticsService.API.csproj]
C:\Program Files\dotnet\sdk\10.0.201\Microsoft.Common.CurrentVersion.targets(2451,5): warning MSB3277:         C:\Users\r\.nuget\packages\microsoft.entityframeworkcore.relational\9.0.1\lib\net8.0\Microsoft.EntityFrameworkCore.Relational.dll [C:\Users\r\Desktop\crm\src\services\AnalyticsService\AnalyticsService.API\AnalyticsService.API.csproj]
C:\Program Files\dotnet\sdk\10.0.201\Microsoft.Common.CurrentVersion.targets(2451,5): warning MSB3277:           Project file item includes which caused reference "C:\Users\r\.nuget\packages\microsoft.entityframeworkcore.relational\9.0.1\lib\net8.0\Microsoft.EntityFrameworkCore.Relational.dll". [C:\Users\r\Desktop\crm\src\services\AnalyticsService\AnalyticsService.API\AnalyticsService.API.csproj]
C:\Program Files\dotnet\sdk\10.0.201\Microsoft.Common.CurrentVersion.targets(2451,5): warning MSB3277:             C:\Users\r\.nuget\packages\microsoft.entityframeworkcore.relational\9.0.1\lib\net8.0\Microsoft.EntityFrameworkCore.Relational.dll [C:\Users\r\Desktop\crm\src\services\AnalyticsService\AnalyticsService.API\AnalyticsService.API.csproj]
C:\Program Files\dotnet\sdk\10.0.201\Microsoft.Common.CurrentVersion.targets(2451,5): warning MSB3277:     References which depend on or have been unified to "Microsoft.EntityFrameworkCore.Relational, Version=9.0.3.0, Culture=neutral, PublicKeyToken=adb9793829ddae60" []. [C:\Users\r\Desktop\crm\src\services\AnalyticsService\AnalyticsService.API\AnalyticsService.API.csproj]
C:\Program Files\dotnet\sdk\10.0.201\Microsoft.Common.CurrentVersion.targets(2451,5): warning MSB3277:         C:\Users\r\Desktop\crm\src\services\AnalyticsService\AnalyticsService.Infrastructure\bin\Debug\net10.0\AnalyticsService.Infrastructure.dll [C:\Users\r\Desktop\crm\src\services\AnalyticsService\AnalyticsService.API\AnalyticsService.API.csproj]
C:\Program Files\dotnet\sdk\10.0.201\Microsoft.Common.CurrentVersion.targets(2451,5): warning MSB3277:           Project file item includes which caused reference "C:\Users\r\Desktop\crm\src\services\AnalyticsService\AnalyticsService.Infrastructure\bin\Debug\net10.0\AnalyticsService.Infrastructure.dll". [C:\Users\r\Desktop\crm\src\services\AnalyticsService\AnalyticsService.API\AnalyticsService.API.csproj]
C:\Program Files\dotnet\sdk\10.0.201\Microsoft.Common.CurrentVersion.targets(2451,5): warning MSB3277:             C:\Users\r\Desktop\crm\src\services\AnalyticsService\AnalyticsService.Infrastructure\bin\Debug\net10.0\AnalyticsService.Infrastructure.dll [C:\Users\r\Desktop\crm\src\services\AnalyticsService\AnalyticsService.API\AnalyticsService.API.csproj]
  AIService.API -> C:\Users\r\Desktop\crm\src\services\AIService\AIService.API\bin\Debug\net10.0\AIService.API.dll
  IdentityService.API -> C:\Users\r\Desktop\crm\src\services\IdentityService\IdentityService.API\bin\Debug\net10.0\IdentityService.API.dll
  AnalyticsService.API -> C:\Users\r\Desktop\crm\src\services\AnalyticsService\AnalyticsService.API\bin\Debug\net10.0\AnalyticsService.API.dll

Build FAILED.

C:\Users\r\Desktop\crm\src\services\NotificationService\NotificationService.API\NotificationService.API.csproj : warning NU1510: PackageReference Microsoft.AspNetCore.SignalR.Common will not be pruned. Consider removing this package from your dependencies, as it is likely unnecessary. [C:\Users\r\Desktop\crm\CRM.AI.System.slnx]
C:\Users\r\Desktop\crm\src\services\IdentityService\IdentityService.API\IdentityService.API.csproj : warning NU1902: Package 'OpenTelemetry.Api' 1.11.1 has a known moderate severity vulnerability, https://github.com/advisories/GHSA-8785-wc3w-h8q6 [C:\Users\r\Desktop\crm\CRM.AI.System.slnx]
C:\Users\r\Desktop\crm\src\services\AnalyticsService\AnalyticsService.API\AnalyticsService.API.csproj : warning NU1902: Package 'OpenTelemetry.Api' 1.11.1 has a known moderate severity vulnerability, https://github.com/advisories/GHSA-8785-wc3w-h8q6 [C:\Users\r\Desktop\crm\CRM.AI.System.slnx]
C:\Users\r\Desktop\crm\src\services\AIService\AIService.API\AIService.API.csproj : warning NU1902: Package 'OpenTelemetry.Api' 1.11.1 has a known moderate severity vulnerability, https://github.com/advisories/GHSA-8785-wc3w-h8q6 [C:\Users\r\Desktop\crm\CRM.AI.System.slnx]
C:\Users\r\Desktop\crm\src\services\NotificationService\NotificationService.API\NotificationService.API.csproj : warning NU1902: Package 'OpenTelemetry.Api' 1.11.1 has a known moderate severity vulnerability, https://github.com/advisories/GHSA-8785-wc3w-h8q6 [C:\Users\r\Desktop\crm\CRM.AI.System.slnx]
C:\Users\r\Desktop\crm\src\services\CRMService\CRMService.API\CRMService.API.csproj : warning NU1902: Package 'OpenTelemetry.Api' 1.11.1 has a known moderate severity vulnerability, https://github.com/advisories/GHSA-8785-wc3w-h8q6 [C:\Users\r\Desktop\crm\CRM.AI.System.slnx]
C:\Users\r\Desktop\crm\src\services\FileStorageService\FileStorageService.API\FileStorageService.API.csproj : warning NU1902: Package 'OpenTelemetry.Api' 1.11.1 has a known moderate severity vulnerability, https://github.com/advisories/GHSA-8785-wc3w-h8q6 [C:\Users\r\Desktop\crm\CRM.AI.System.slnx]
C:\Users\r\Desktop\crm\src\services\AnalyticsService\AnalyticsService.API\AnalyticsService.API.csproj : warning NU1902: Package 'OpenTelemetry.Api' 1.11.1 has a known moderate severity vulnerability, https://github.com/advisories/GHSA-8785-wc3w-h8q6
C:\Users\r\Desktop\crm\src\services\CRMService\CRMService.API\CRMService.API.csproj : warning NU1902: Package 'OpenTelemetry.Api' 1.11.1 has a known moderate severity vulnerability, https://github.com/advisories/GHSA-8785-wc3w-h8q6
C:\Users\r\Desktop\crm\src\services\AIService\AIService.API\AIService.API.csproj : warning NU1902: Package 'OpenTelemetry.Api' 1.11.1 has a known moderate severity vulnerability, https://github.com/advisories/GHSA-8785-wc3w-h8q6
C:\Users\r\Desktop\crm\src\services\IdentityService\IdentityService.API\IdentityService.API.csproj : warning NU1902: Package 'OpenTelemetry.Api' 1.11.1 has a known moderate severity vulnerability, https://github.com/advisories/GHSA-8785-wc3w-h8q6
C:\Users\r\Desktop\crm\src\services\NotificationService\NotificationService.API\NotificationService.API.csproj : warning NU1510: PackageReference Microsoft.AspNetCore.SignalR.Common will not be pruned. Consider removing this package from your dependencies, as it is likely unnecessary.
C:\Users\r\Desktop\crm\src\services\NotificationService\NotificationService.API\NotificationService.API.csproj : warning NU1902: Package 'OpenTelemetry.Api' 1.11.1 has a known moderate severity vulnerability, https://github.com/advisories/GHSA-8785-wc3w-h8q6
C:\Users\r\Desktop\crm\src\services\FileStorageService\FileStorageService.API\FileStorageService.API.csproj : warning NU1902: Package 'OpenTelemetry.Api' 1.11.1 has a known moderate severity vulnerability, https://github.com/advisories/GHSA-8785-wc3w-h8q6
C:\Program Files\dotnet\sdk\10.0.201\Microsoft.Common.CurrentVersion.targets(2451,5): warning MSB3277: Found conflicts between different versions of "Microsoft.EntityFrameworkCore.Relational" that could not be resolved. [C:\Users\r\Desktop\crm\src\services\NotificationService\NotificationService.API\NotificationService.API.csproj]
C:\Program Files\dotnet\sdk\10.0.201\Microsoft.Common.CurrentVersion.targets(2451,5): warning MSB3277: There was a conflict between "Microsoft.EntityFrameworkCore.Relational, Version=9.0.1.0, Culture=neutral, PublicKeyToken=adb9793829ddae60" and "Microsoft.EntityFrameworkCore.Relational, Version=9.0.3.0, Culture=neutral, PublicKeyToken=adb9793829ddae60". [C:\Users\r\Desktop\crm\src\services\NotificationService\NotificationService.API\NotificationService.API.csproj]
C:\Program Files\dotnet\sdk\10.0.201\Microsoft.Common.CurrentVersion.targets(2451,5): warning MSB3277:     "Microsoft.EntityFrameworkCore.Relational, Version=9.0.1.0, Culture=neutral, PublicKeyToken=adb9793829ddae60" was chosen because it was primary and "Microsoft.EntityFrameworkCore.Relational, Version=9.0.3.0, Culture=neutral, PublicKeyToken=adb9793829ddae60" was not. [C:\Users\r\Desktop\crm\src\services\NotificationService\NotificationService.API\NotificationService.API.csproj]
C:\Program Files\dotnet\sdk\10.0.201\Microsoft.Common.CurrentVersion.targets(2451,5): warning MSB3277:     References which depend on "Microsoft.EntityFrameworkCore.Relational, Version=9.0.1.0, Culture=neutral, PublicKeyToken=adb9793829ddae60" [C:\Users\r\.nuget\packages\microsoft.entityframeworkcore.relational\9.0.1\lib\net8.0\Microsoft.EntityFrameworkCore.Relational.dll]. [C:\Users\r\Desktop\crm\src\services\NotificationService\NotificationService.API\NotificationService.API.csproj]
C:\Program Files\dotnet\sdk\10.0.201\Microsoft.Common.CurrentVersion.targets(2451,5): warning MSB3277:         C:\Users\r\.nuget\packages\microsoft.entityframeworkcore.relational\9.0.1\lib\net8.0\Microsoft.EntityFrameworkCore.Relational.dll [C:\Users\r\Desktop\crm\src\services\NotificationService\NotificationService.API\NotificationService.API.csproj]
C:\Program Files\dotnet\sdk\10.0.201\Microsoft.Common.CurrentVersion.targets(2451,5): warning MSB3277:           Project file item includes which caused reference "C:\Users\r\.nuget\packages\microsoft.entityframeworkcore.relational\9.0.1\lib\net8.0\Microsoft.EntityFrameworkCore.Relational.dll". [C:\Users\r\Desktop\crm\src\services\NotificationService\NotificationService.API\NotificationService.API.csproj]
C:\Program Files\dotnet\sdk\10.0.201\Microsoft.Common.CurrentVersion.targets(2451,5): warning MSB3277:             C:\Users\r\.nuget\packages\microsoft.entityframeworkcore.relational\9.0.1\lib\net8.0\Microsoft.EntityFrameworkCore.Relational.dll [C:\Users\r\Desktop\crm\src\services\NotificationService\NotificationService.API\NotificationService.API.csproj]
C:\Program Files\dotnet\sdk\10.0.201\Microsoft.Common.CurrentVersion.targets(2451,5): warning MSB3277:     References which depend on or have been unified to "Microsoft.EntityFrameworkCore.Relational, Version=9.0.3.0, Culture=neutral, PublicKeyToken=adb9793829ddae60" []. [C:\Users\r\Desktop\crm\src\services\NotificationService\NotificationService.API\NotificationService.API.csproj]
C:\Program Files\dotnet\sdk\10.0.201\Microsoft.Common.CurrentVersion.targets(2451,5): warning MSB3277:         C:\Users\r\Desktop\crm\src\services\NotificationService\NotificationService.Infrastructure\bin\Debug\net10.0\NotificationService.Infrastructure.dll [C:\Users\r\Desktop\crm\src\services\NotificationService\NotificationService.API\NotificationService.API.csproj]
C:\Program Files\dotnet\sdk\10.0.201\Microsoft.Common.CurrentVersion.targets(2451,5): warning MSB3277:           Project file item includes which caused reference "C:\Users\r\Desktop\crm\src\services\NotificationService\NotificationService.Infrastructure\bin\Debug\net10.0\NotificationService.Infrastructure.dll". [C:\Users\r\Desktop\crm\src\services\NotificationService\NotificationService.API\NotificationService.API.csproj]
C:\Program Files\dotnet\sdk\10.0.201\Microsoft.Common.CurrentVersion.targets(2451,5): warning MSB3277:             C:\Users\r\Desktop\crm\src\services\NotificationService\NotificationService.Infrastructure\bin\Debug\net10.0\NotificationService.Infrastructure.dll [C:\Users\r\Desktop\crm\src\services\NotificationService\NotificationService.API\NotificationService.API.csproj]
C:\Program Files\dotnet\sdk\10.0.201\Microsoft.Common.CurrentVersion.targets(2451,5): warning MSB3277: Found conflicts between different versions of "Microsoft.EntityFrameworkCore.Relational" that could not be resolved. [C:\Users\r\Desktop\crm\src\services\IdentityService\IdentityService.API\IdentityService.API.csproj]
C:\Program Files\dotnet\sdk\10.0.201\Microsoft.Common.CurrentVersion.targets(2451,5): warning MSB3277: There was a conflict between "Microsoft.EntityFrameworkCore.Relational, Version=9.0.1.0, Culture=neutral, PublicKeyToken=adb9793829ddae60" and "Microsoft.EntityFrameworkCore.Relational, Version=9.0.3.0, Culture=neutral, PublicKeyToken=adb9793829ddae60". [C:\Users\r\Desktop\crm\src\services\IdentityService\IdentityService.API\IdentityService.API.csproj]
C:\Program Files\dotnet\sdk\10.0.201\Microsoft.Common.CurrentVersion.targets(2451,5): warning MSB3277:     "Microsoft.EntityFrameworkCore.Relational, Version=9.0.1.0, Culture=neutral, PublicKeyToken=adb9793829ddae60" was chosen because it was primary and "Microsoft.EntityFrameworkCore.Relational, Version=9.0.3.0, Culture=neutral, PublicKeyToken=adb9793829ddae60" was not. [C:\Users\r\Desktop\crm\src\services\IdentityService\IdentityService.API\IdentityService.API.csproj]
C:\Program Files\dotnet\sdk\10.0.201\Microsoft.Common.CurrentVersion.targets(2451,5): warning MSB3277:     References which depend on "Microsoft.EntityFrameworkCore.Relational, Version=9.0.1.0, Culture=neutral, PublicKeyToken=adb9793829ddae60" [C:\Users\r\.nuget\packages\microsoft.entityframeworkcore.relational\9.0.1\lib\net8.0\Microsoft.EntityFrameworkCore.Relational.dll]. [C:\Users\r\Desktop\crm\src\services\IdentityService\IdentityService.API\IdentityService.API.csproj]
C:\Program Files\dotnet\sdk\10.0.201\Microsoft.Common.CurrentVersion.targets(2451,5): warning MSB3277:         C:\Users\r\.nuget\packages\microsoft.entityframeworkcore.relational\9.0.1\lib\net8.0\Microsoft.EntityFrameworkCore.Relational.dll [C:\Users\r\Desktop\crm\src\services\IdentityService\IdentityService.API\IdentityService.API.csproj]
C:\Program Files\dotnet\sdk\10.0.201\Microsoft.Common.CurrentVersion.targets(2451,5): warning MSB3277:           Project file item includes which caused reference "C:\Users\r\.nuget\packages\microsoft.entityframeworkcore.relational\9.0.1\lib\net8.0\Microsoft.EntityFrameworkCore.Relational.dll". [C:\Users\r\Desktop\crm\src\services\IdentityService\IdentityService.API\IdentityService.API.csproj]
C:\Program Files\dotnet\sdk\10.0.201\Microsoft.Common.CurrentVersion.targets(2451,5): warning MSB3277:             C:\Users\r\.nuget\packages\microsoft.entityframeworkcore.relational\9.0.1\lib\net8.0\Microsoft.EntityFrameworkCore.Relational.dll [C:\Users\r\Desktop\crm\src\services\IdentityService\IdentityService.API\IdentityService.API.csproj]
C:\Program Files\dotnet\sdk\10.0.201\Microsoft.Common.CurrentVersion.targets(2451,5): warning MSB3277:     References which depend on or have been unified to "Microsoft.EntityFrameworkCore.Relational, Version=9.0.3.0, Culture=neutral, PublicKeyToken=adb9793829ddae60" []. [C:\Users\r\Desktop\crm\src\services\IdentityService\IdentityService.API\IdentityService.API.csproj]
C:\Program Files\dotnet\sdk\10.0.201\Microsoft.Common.CurrentVersion.targets(2451,5): warning MSB3277:         C:\Users\r\Desktop\crm\src\services\IdentityService\IdentityService.Infrastructure\bin\Debug\net10.0\IdentityService.Infrastructure.dll [C:\Users\r\Desktop\crm\src\services\IdentityService\IdentityService.API\IdentityService.API.csproj]
C:\Program Files\dotnet\sdk\10.0.201\Microsoft.Common.CurrentVersion.targets(2451,5): warning MSB3277:           Project file item includes which caused reference "C:\Users\r\Desktop\crm\src\services\IdentityService\IdentityService.Infrastructure\bin\Debug\net10.0\IdentityService.Infrastructure.dll". [C:\Users\r\Desktop\crm\src\services\IdentityService\IdentityService.API\IdentityService.API.csproj]
C:\Program Files\dotnet\sdk\10.0.201\Microsoft.Common.CurrentVersion.targets(2451,5): warning MSB3277:             C:\Users\r\Desktop\crm\src\services\IdentityService\IdentityService.Infrastructure\bin\Debug\net10.0\IdentityService.Infrastructure.dll [C:\Users\r\Desktop\crm\src\services\IdentityService\IdentityService.API\IdentityService.API.csproj]
C:\Program Files\dotnet\sdk\10.0.201\Microsoft.Common.CurrentVersion.targets(2451,5): warning MSB3277: Found conflicts between different versions of "Microsoft.EntityFrameworkCore.Relational" that could not be resolved. [C:\Users\r\Desktop\crm\src\services\AIService\AIService.API\AIService.API.csproj]
C:\Program Files\dotnet\sdk\10.0.201\Microsoft.Common.CurrentVersion.targets(2451,5): warning MSB3277: There was a conflict between "Microsoft.EntityFrameworkCore.Relational, Version=9.0.1.0, Culture=neutral, PublicKeyToken=adb9793829ddae60" and "Microsoft.EntityFrameworkCore.Relational, Version=9.0.3.0, Culture=neutral, PublicKeyToken=adb9793829ddae60". [C:\Users\r\Desktop\crm\src\services\AIService\AIService.API\AIService.API.csproj]
C:\Program Files\dotnet\sdk\10.0.201\Microsoft.Common.CurrentVersion.targets(2451,5): warning MSB3277:     "Microsoft.EntityFrameworkCore.Relational, Version=9.0.1.0, Culture=neutral, PublicKeyToken=adb9793829ddae60" was chosen because it was primary and "Microsoft.EntityFrameworkCore.Relational, Version=9.0.3.0, Culture=neutral, PublicKeyToken=adb9793829ddae60" was not. [C:\Users\r\Desktop\crm\src\services\AIService\AIService.API\AIService.API.csproj]
C:\Program Files\dotnet\sdk\10.0.201\Microsoft.Common.CurrentVersion.targets(2451,5): warning MSB3277:     References which depend on "Microsoft.EntityFrameworkCore.Relational, Version=9.0.1.0, Culture=neutral, PublicKeyToken=adb9793829ddae60" [C:\Users\r\.nuget\packages\microsoft.entityframeworkcore.relational\9.0.1\lib\net8.0\Microsoft.EntityFrameworkCore.Relational.dll]. [C:\Users\r\Desktop\crm\src\services\AIService\AIService.API\AIService.API.csproj]
C:\Program Files\dotnet\sdk\10.0.201\Microsoft.Common.CurrentVersion.targets(2451,5): warning MSB3277:         C:\Users\r\.nuget\packages\microsoft.entityframeworkcore.relational\9.0.1\lib\net8.0\Microsoft.EntityFrameworkCore.Relational.dll [C:\Users\r\Desktop\crm\src\services\AIService\AIService.API\AIService.API.csproj]
C:\Program Files\dotnet\sdk\10.0.201\Microsoft.Common.CurrentVersion.targets(2451,5): warning MSB3277:           Project file item includes which caused reference "C:\Users\r\.nuget\packages\microsoft.entityframeworkcore.relational\9.0.1\lib\net8.0\Microsoft.EntityFrameworkCore.Relational.dll". [C:\Users\r\Desktop\crm\src\services\AIService\AIService.API\AIService.API.csproj]
C:\Program Files\dotnet\sdk\10.0.201\Microsoft.Common.CurrentVersion.targets(2451,5): warning MSB3277:             C:\Users\r\.nuget\packages\microsoft.entityframeworkcore.relational\9.0.1\lib\net8.0\Microsoft.EntityFrameworkCore.Relational.dll [C:\Users\r\Desktop\crm\src\services\AIService\AIService.API\AIService.API.csproj]
C:\Program Files\dotnet\sdk\10.0.201\Microsoft.Common.CurrentVersion.targets(2451,5): warning MSB3277:     References which depend on or have been unified to "Microsoft.EntityFrameworkCore.Relational, Version=9.0.3.0, Culture=neutral, PublicKeyToken=adb9793829ddae60" []. [C:\Users\r\Desktop\crm\src\services\AIService\AIService.API\AIService.API.csproj]
C:\Program Files\dotnet\sdk\10.0.201\Microsoft.Common.CurrentVersion.targets(2451,5): warning MSB3277:         C:\Users\r\Desktop\crm\src\services\AIService\AIService.Infrastructure\bin\Debug\net10.0\AIService.Infrastructure.dll [C:\Users\r\Desktop\crm\src\services\AIService\AIService.API\AIService.API.csproj]
C:\Program Files\dotnet\sdk\10.0.201\Microsoft.Common.CurrentVersion.targets(2451,5): warning MSB3277:           Project file item includes which caused reference "C:\Users\r\Desktop\crm\src\services\AIService\AIService.Infrastructure\bin\Debug\net10.0\AIService.Infrastructure.dll". [C:\Users\r\Desktop\crm\src\services\AIService\AIService.API\AIService.API.csproj]
C:\Program Files\dotnet\sdk\10.0.201\Microsoft.Common.CurrentVersion.targets(2451,5): warning MSB3277:             C:\Users\r\Desktop\crm\src\services\AIService\AIService.Infrastructure\bin\Debug\net10.0\AIService.Infrastructure.dll [C:\Users\r\Desktop\crm\src\services\AIService\AIService.API\AIService.API.csproj]
C:\Program Files\dotnet\sdk\10.0.201\Microsoft.Common.CurrentVersion.targets(2451,5): warning MSB3277: Found conflicts between different versions of "Microsoft.EntityFrameworkCore.Relational" that could not be resolved. [C:\Users\r\Desktop\crm\src\services\AnalyticsService\AnalyticsService.API\AnalyticsService.API.csproj]
C:\Program Files\dotnet\sdk\10.0.201\Microsoft.Common.CurrentVersion.targets(2451,5): warning MSB3277: There was a conflict between "Microsoft.EntityFrameworkCore.Relational, Version=9.0.1.0, Culture=neutral, PublicKeyToken=adb9793829ddae60" and "Microsoft.EntityFrameworkCore.Relational, Version=9.0.3.0, Culture=neutral, PublicKeyToken=adb9793829ddae60". [C:\Users\r\Desktop\crm\src\services\AnalyticsService\AnalyticsService.API\AnalyticsService.API.csproj]
C:\Program Files\dotnet\sdk\10.0.201\Microsoft.Common.CurrentVersion.targets(2451,5): warning MSB3277:     "Microsoft.EntityFrameworkCore.Relational, Version=9.0.1.0, Culture=neutral, PublicKeyToken=adb9793829ddae60" was chosen because it was primary and "Microsoft.EntityFrameworkCore.Relational, Version=9.0.3.0, Culture=neutral, PublicKeyToken=adb9793829ddae60" was not. [C:\Users\r\Desktop\crm\src\services\AnalyticsService\AnalyticsService.API\AnalyticsService.API.csproj]
C:\Program Files\dotnet\sdk\10.0.201\Microsoft.Common.CurrentVersion.targets(2451,5): warning MSB3277:     References which depend on "Microsoft.EntityFrameworkCore.Relational, Version=9.0.1.0, Culture=neutral, PublicKeyToken=adb9793829ddae60" [C:\Users\r\.nuget\packages\microsoft.entityframeworkcore.relational\9.0.1\lib\net8.0\Microsoft.EntityFrameworkCore.Relational.dll]. [C:\Users\r\Desktop\crm\src\services\AnalyticsService\AnalyticsService.API\AnalyticsService.API.csproj]
C:\Program Files\dotnet\sdk\10.0.201\Microsoft.Common.CurrentVersion.targets(2451,5): warning MSB3277:         C:\Users\r\.nuget\packages\microsoft.entityframeworkcore.relational\9.0.1\lib\net8.0\Microsoft.EntityFrameworkCore.Relational.dll [C:\Users\r\Desktop\crm\src\services\AnalyticsService\AnalyticsService.API\AnalyticsService.API.csproj]
C:\Program Files\dotnet\sdk\10.0.201\Microsoft.Common.CurrentVersion.targets(2451,5): warning MSB3277:           Project file item includes which caused reference "C:\Users\r\.nuget\packages\microsoft.entityframeworkcore.relational\9.0.1\lib\net8.0\Microsoft.EntityFrameworkCore.Relational.dll". [C:\Users\r\Desktop\crm\src\services\AnalyticsService\AnalyticsService.API\AnalyticsService.API.csproj]
C:\Program Files\dotnet\sdk\10.0.201\Microsoft.Common.CurrentVersion.targets(2451,5): warning MSB3277:             C:\Users\r\.nuget\packages\microsoft.entityframeworkcore.relational\9.0.1\lib\net8.0\Microsoft.EntityFrameworkCore.Relational.dll [C:\Users\r\Desktop\crm\src\services\AnalyticsService\AnalyticsService.API\AnalyticsService.API.csproj]
C:\Program Files\dotnet\sdk\10.0.201\Microsoft.Common.CurrentVersion.targets(2451,5): warning MSB3277:     References which depend on or have been unified to "Microsoft.EntityFrameworkCore.Relational, Version=9.0.3.0, Culture=neutral, PublicKeyToken=adb9793829ddae60" []. [C:\Users\r\Desktop\crm\src\services\AnalyticsService\AnalyticsService.API\AnalyticsService.API.csproj]
C:\Program Files\dotnet\sdk\10.0.201\Microsoft.Common.CurrentVersion.targets(2451,5): warning MSB3277:         C:\Users\r\Desktop\crm\src\services\AnalyticsService\AnalyticsService.Infrastructure\bin\Debug\net10.0\AnalyticsService.Infrastructure.dll [C:\Users\r\Desktop\crm\src\services\AnalyticsService\AnalyticsService.API\AnalyticsService.API.csproj]
C:\Program Files\dotnet\sdk\10.0.201\Microsoft.Common.CurrentVersion.targets(2451,5): warning MSB3277:           Project file item includes which caused reference "C:\Users\r\Desktop\crm\src\services\AnalyticsService\AnalyticsService.Infrastructure\bin\Debug\net10.0\AnalyticsService.Infrastructure.dll". [C:\Users\r\Desktop\crm\src\services\AnalyticsService\AnalyticsService.API\AnalyticsService.API.csproj]
C:\Program Files\dotnet\sdk\10.0.201\Microsoft.Common.CurrentVersion.targets(2451,5): warning MSB3277:             C:\Users\r\Desktop\crm\src\services\AnalyticsService\AnalyticsService.Infrastructure\bin\Debug\net10.0\AnalyticsService.Infrastructure.dll [C:\Users\r\Desktop\crm\src\services\AnalyticsService\AnalyticsService.API\AnalyticsService.API.csproj]
C:\Users\r\Desktop\crm\src\services\FileStorageService\FileStorageService.Application\Handlers\FileHandlers.cs(59,42): error CS0117: 'Error' does not contain a definition for 'Failure' [C:\Users\r\Desktop\crm\src\services\FileStorageService\FileStorageService.Application\FileStorageService.Application.csproj]
    18 Warning(s)
    1 Error(s)

Time Elapsed 00:01:05.94
